[0m[🌿[0m] [0mApplying cmdline param [[1;39m 'BUILD_MINIMAL': '(unset)' --> 'no' early [0m][0m
[0m[🌿[0m] [0mApplying cmdline param [[1;39m 'BUILD_DESKTOP': '(unset)' --> 'no' early [0m][0m
[0m[🌿[0m] [0mApplying cmdline param [[1;39m 'BRANCH': '(unset)' --> 'edge' early [0m][0m
[0m[🌿[0m] [0mApplying cmdline param [[1;39m 'BOARD': '(unset)' --> 'radxa-cubie-a7a' early [0m][0m
[0m[🌿[0m] [0mApplying cmdline param [[1;39m 'RELEASE': '(unset)' --> 'trixie' early [0m][0m
[0m[🌿[0m] [0mApplying cmdline param [[1;39m 'KERNEL_GIT': '(unset)' --> 'shallow' early [0m][0m
[0m[🌿[0m] [0mApplying cmdline param [[1;39m 'KERNEL_CONFIGURE': '(unset)' --> 'no' early [0m][0m
[0m[🌱[0m] [0martifact [[1;32m kernel :: kernel() [0m][0m
[0m[🌱[0m] [0mUsing prebuilt Armbian image as base for 'ubuntu-noble' [[1;32m DOCKER_ARMBIAN_BASE_IMAGE: ghcr.io/armbian/docker-armbian-build:armbian-ubuntu-noble-latest [0m][0m
[0m[🌿[0m] [0mDocker info [[1;39m Docker 29.6.2 Kernel:6.18.37+rpt-rpi-2712 RAM:7.873GiB CPUs:4 OS:'Debian GNU/Linux 13 (trixie)' hostname 'pi5-trixie' under 'Linux' - buildx:yes - loop-hacks:yes static-loops:no [0m][0m
[0m[🌱[0m] [0mCreating [[1;32m .dockerignore [0m][0m
[0m[🌱[0m] [0mDocker launcher [[1;32m enabling all extensions looking for Docker dependencies [0m][0m
[0m[🌿[0m] [0mExtension search [[1;39m Searching in directory: "/home/qincai/armbian-build/extensions" [0m][0m
[0m[🌿[0m] [0mExtension search result [[1;39m Found 19 extensions in "/home/qincai/armbian-build/extensions" [0m][0m
[0m[🌿[0m] [0mExtension search [[1;39m Searching in directory: "/home/qincai/armbian-build/userpatches/extensions" [0m][0m
[0m[🚸[0m] [0mExtension search [[1;35m Directory does not exist: "/home/qincai/armbian-build/userpatches/extensions" [0m][0m
[0m[🌱[0m] [0mExtension manager [[1;32m processed 25 Extension Methods calls and 86 Extension Method implementations [0m][0m
[0m[🌱[0m] [0mPython2 not available on host release 'noble' [[1;32m ancient u-boot versions might/will fail to build [0m][0m
[0m[🌱[0m] [0mExtension: fs-cryptroot-support: Adding packages to host dependencies [[1;32m cryptsetup openssh-client [0m][0m
[0m[🌱[0m] [0mAdding Rust kernel build dependencies [[1;32m kernel-rust [0m][0m
[0m[🌱[0m] [0mPreparing mtkflash host-side dependencies [[1;32m mtkflash [0m][0m
[0m[🌱[0m] [0mPreparing rkdevflash host-side dependencies [[1;32m rkdevflash [0m][0m
[0m[🌱[0m] [0mPreparing rkusbboot host-side dependencies [[1;32m rkusbboot [0m][0m
[0m[🌱[0m] [0mCreating [[1;32m Dockerfile; FROM ghcr.io/armbian/docker-armbian-build:armbian-ubuntu-noble-latest [0m][0m
[0m[🌱[0m] [0mArmbian docker image [[1;32m already exists: ghcr.io/armbian/docker-armbian-build:armbian-ubuntu-noble-latest [0m][0m
[0m[🌱[0m] [0mBuilding [[1;32m Dockerfile via 'buildx build --progress=plain --load' [0m][0m
[0m[🌱[0m] [0m-----------------Relaunching in Docker after 34s------------------ [[1;32m here comes the 🐳 [0m][0m
[0m[1;30m[🐳|[0m🌿[0m] [0mApplying cmdline param [[1;39m 'PREFER_DOCKER': '(unset)' --> 'no' early [0m][0m
[0m[1;30m[🐳|[0m🌿[0m] [0mApplying cmdline param [[1;39m 'BUILD_MINIMAL': '(unset)' --> 'no' early [0m][0m
[0m[1;30m[🐳|[0m🌿[0m] [0mApplying cmdline param [[1;39m 'BUILD_DESKTOP': '(unset)' --> 'no' early [0m][0m
[0m[1;30m[🐳|[0m🌿[0m] [0mApplying cmdline param [[1;39m 'ARMBIAN_BUILD_UUID': '(unset)' --> '1a7f785b-8379-460c-acd1-36624ab337af' early [0m][0m
[0m[1;30m[🐳|[0m🌱[0m] [0mSkip     cmdline param [[1;32m 'ARMBIAN_RELAUNCHED': already set to 'yes' early [0m][0m
[0m[1;30m[🐳|[0m🌿[0m] [0mApplying cmdline param [[1;39m 'BRANCH': '(unset)' --> 'edge' early [0m][0m
[0m[1;30m[🐳|[0m🌿[0m] [0mApplying cmdline param [[1;39m 'BOARD': '(unset)' --> 'radxa-cubie-a7a' early [0m][0m
[0m[1;30m[🐳|[0m🌿[0m] [0mApplying cmdline param [[1;39m 'SKIP_LOG_ARCHIVE': '(unset)' --> 'yes' early [0m][0m
[0m[1;30m[🐳|[0m🌿[0m] [0mApplying cmdline param [[1;39m 'SET_OWNER_TO_UID': '(unset)' --> '1000' early [0m][0m
[0m[1;30m[🐳|[0m🌿[0m] [0mApplying cmdline param [[1;39m 'DOCKER_NICE': '(unset)' --> '0' early [0m][0m
[0m[1;30m[🐳|[0m🌿[0m] [0mApplying cmdline param [[1;39m 'RELEASE': '(unset)' --> 'trixie' early [0m][0m
[0m[1;30m[🐳|[0m🌿[0m] [0mApplying cmdline param [[1;39m 'KERNEL_GIT': '(unset)' --> 'shallow' early [0m][0m
[0m[1;30m[🐳|[0m🌿[0m] [0mApplying cmdline param [[1;39m 'KERNEL_CONFIGURE': '(unset)' --> 'no' early [0m][0m
[0m[1;30m[🐳|[0m🌱[0m] [0martifact [[1;32m kernel :: kernel() [0m][0m
[0m[1;30m[🐳|[0m🌱[0m] [0mStarting single build process [[1;32m radxa-cubie-a7a [0m][0m
[0m[1;30m[🐳|[0m🌱[0m] [0mChecking [[1;32m basic host setup [0m][0m
[0m[1;30m[🐳|[0m🌱[0m] [0mBuild host OS release [[1;32m noble [0m][0m
[0m[1;30m[🐳|[0m🌱[0m] [0mBuild host architecture [[1;32m arm64 [0m][0m
[0m[1;30m[🐳|[0m🌱[0m] [0mSourcing board configuration [[1;32m /armbian/config/boards/radxa-cubie-a7a.csc [0m][0m
[0m[1;30m[🐳|[0m✅[0m] [0mchange-tracking: after sourcing board file config/boards/radxa-cubie-a7a.csc [[1;36m [1;34mBOARDFAMILY[0m=[0;34m'[1;34msun60iw2[0;34m' [0m][0m
[0m[1;30m[🐳|[0m✅[0m] [0mchange-tracking: after defaulting LINUXFAMILY to BOARDFAMILY [[1;36m [1;34mLINUXFAMILY[0m=[0;34m'[1;34msun60iw2[0;34m' [0m][0m
[0m[1;30m[🐳|[0m🌱[0m] [0mStarting main configuration[0m
[0m[1;30m[🐳|[0m🌱[0m] [0mUsing REVISION from [[1;32m main VERSION file: '26.08.0-trunk' [0m][0m
[0m[1;30m[🐳|[0m🌿[0m] [0mEnabling extension [[1;39m armbian-config [0m][0m
[0m[1;30m[🐳|[0m🌿[0m] [0mEnabling extension [[1;39m uboot-binman-fix-pkg-resources [0m][0m
[0m[1;30m[🐳|[0m🌿[0m] [0mEnabling extension [[1;39m uboot-fix-pylibfdt-swig [0m][0m
[0m[1;30m[🐳|[0m🌱[0m] [0mSourcing family configuration [[1;32m /armbian/config/sources/families/sun60iw2.conf [0m][0m
[0m[1;30m[🐳|[0m✅[0m] [0mchange-tracking: after sourcing family config [[1;36m [1;34mKERNELSOURCE[0m=[0;34m'[1;34mhttps://github.com/QinCai-rui/linux.git[0;34m' [0m][0m
[0m[1;30m[🐳|[0m✅[0m] [0mchange-tracking: after sourcing family config [[1;36m [1;34mKERNEL_MAJOR_MINOR[0m=[0;34m'[1;34m7.1[0;34m' [0m][0m
[0m[1;30m[🐳|[0m✅[0m] [0mchange-tracking: after sourcing family config [[1;36m [1;34mKERNELBRANCH[0m=[0;34m'[1;34mbranch:linux-7.1.y[0;34m' [0m][0m
[0m[1;30m[🐳|[0m✅[0m] [0mchange-tracking: after sourcing family config [[1;36m [1;34mLINUXCONFIG[0m=[0;34m'[1;34mlinux-sun60iw2-edge[0;34m' [0m][0m
[0m[1;30m[🐳|[0m✅[0m] [0mchange-tracking: after sourcing family config [[1;36m [1;34mKERNELPATCHDIR[0m=[0;34m'[1;34marchive/sun60iw2-edge[0;34m' [0m][0m
[0m[1;30m[🐳|[0m✅[0m] [0mchange-tracking: after sourcing family config [[1;36m [1;34mATF_COMPILE[0m=[0;34m'[1;34mno[0;34m' [0m][0m
[0m[1;30m[🐳|[0m✅[0m] [0mchange-tracking: after sourcing family config [[1;36m [1;34mNETWORKING_STACK[0m=[0;34m'[1;34mnetwork-manager[0;34m' [0m][0m
[0m[1;30m[🐳|[0m🌱[0m] [0mSourcing arch configuration [[1;32m arm64.conf [0m][0m
[0m[1;30m[🐳|[0m✅[0m] [0mchange-tracking: after sourcing arm64 arch [[1;36m [1;34mATF_COMPILER[0m=[0;34m'[1;34maarch64-linux-gnu-[0;34m' [0m][0m
[0m[1;30m[🐳|[0m✅[0m] [0mchange-tracking: after sourcing arm64 arch [[1;36m [1;34mKERNEL_COMPILER[0m=[0;34m'[1;34maarch64-linux-gnu-[0;34m' [0m][0m
[0m[1;30m[🐳|[0m✅[0m] [0mchange-tracking: after sourcing arm64 arch [[1;36m [1;34mUBOOT_COMPILER[0m=[0;34m'[1;34maarch64-linux-gnu-[0;34m' [0m][0m
[0m[1;30m[🐳|[0m🌱[0m] [0mUsing NETWORKING_STACK [[1;32m NETWORKING_STACK: network-manager [0m][0m
[0m[1;30m[🐳|[0m🌱[0m] [0mAdding networking extensions [[1;32m net-network-manager, net-chrony [0m][0m
[0m[1;30m[🐳|[0m🌿[0m] [0mEnabling extension [[1;39m net-network-manager [0m][0m
[0m[1;30m[🐳|[0m🌿[0m] [0mEnabling extension [[1;39m net-chrony [0m][0m
[0m[1;30m[🐳|[0m🌱[0m] [0mExtension manager [[1;32m processed 14 Extension Methods calls and 35 Extension Method implementations [0m][0m
[0m[1;30m[🐳|[0m✅[0m] [0mchange-tracking: after user_config hooks [[1;36m [1;34mBOOTPATCHDIR[0m=[0;34m'[1;34mu-boot-sun60iw2[0;34m' [0m][0m
[0m[1;30m[🐳|[0m🌱[0m] [0mExtension: net-chrony: Adding extra package to image [[1;32m chrony [0m][0m
[0m[1;30m[🐳|[0m🌱[0m] [0mExtension: net-network-manager: Adding extra packages to image [[1;32m network-manager network-manager-openvpn netplan.io [0m][0m
[0m[1;30m[🐳|[0m✅[0m] [0mchange-tracking: after late_family_config hooks [[1;36m [1;34mKERNEL_PATCH_ARCHIVE_BASE[0m=[0;34m'[1;34msun60iw2[0;34m' [0m][0m
[0m[1;30m[🐳|[0m✅[0m] [0mchange-tracking: after late_family_config hooks [[1;36m [1;34mBOOTSOURCE[0m=[0;34m'[1;34mhttps://github.com/u-boot/u-boot[0;34m' [0m][0m
[0m[1;30m[🐳|[0m✅[0m] [0mchange-tracking: after late_family_config hooks [[1;36m [1;34mBOOTBRANCH[0m=[0;34m'[1;34mtag:v2022.07[0;34m' [0m][0m
[0m[1;30m[🐳|[0m✅[0m] [0mchange-tracking: after late_family_config hooks [[1;36m [1;34mBOOTDIR[0m=[0;34m'[1;34mu-boot[0;34m' [0m][0m
[0m[1;30m[🐳|[0m✅[0m] [0mchange-tracking: before handling KERNEL_MAJOR_MINOR in config_post_main [[1;36m [1;34mBOOTSOURCEDIR[0m=[0;34m'[1;34mu-boot-worktree/u-boot/v2022.07[0;34m' [0m][0m
[0m[1;30m[🐳|[0m🚸[0m] [0mNot-installing software-properties-common [[1;35m For distro 'Debian' release 'trixie' [0m][0m
[0m[1;30m[🐳|[0m✅[0m] [0mchange-tracking: before calling extension_finish_config [[1;36m [1;34mLINUXSOURCEDIR[0m=[0;34m'[1;34mlinux-kernel-worktree/7.1__sun60iw2__arm64[0;34m' [0m][0m
[0m[1;30m[🐳|[0m🌱[0m] [0mMinimal configuration prepared for build [[1;32m prep_conf_main_minimal_ni [0m][0m
[0m[1;30m[🐳|[0m✨[0m] [0mRepeat Build Options (early) [[1;32m ./compile.sh kernel BOARD=radxa-cubie-a7a BRANCH=edge BUILD_DESKTOP=no BUILD_MINIMAL=no KERNEL_CONFIGURE=no KERNEL_GIT=shallow RELEASE=trixie [0m][0m
[0m[1;30m[🐳|[0m🌱[0m] [0mChecked directory OK for mount options [[1;32m /armbian/.tmp ('main temporary dir') [0m][0m
[0m[1;30m[🐳|[0m🌱[0m] [0mPreparing [[1;32m host [0m][0m
[0m[1;30m[🐳|[0m🌱[0m] [0mRunning in container [[1;32m Adding provisions for container building [0m][0m
[0m[1;30m[🐳|[0m🌱[0m] [0mAdding package to 'host_dependencies' [[1;32m python3-setuptools [0m][0m
[0m[1;30m[🐳|[0m🌱[0m] [0mPython2 not available on host release 'noble' [[1;32m ancient u-boot versions might/will fail to build [0m][0m
[0m[1;30m[🐳|[0m🌱[0m] [0mUpdating apt host-side for installing host-side packages [[1;32m 1 packages [0m][0m
